------------------------------------------------------------
Timing Analyzer Summary
------------------------------------------------------------

Type  : Slow 1200mV 85C Model Setup 'CLK'
Slack : -1.403
TNS   : -2.057

Type  : Slow 1200mV 85C Model Setup 'TC:inst51|4count:inst50|43'
Slack : -0.010
TNS   : -0.010

Type  : Slow 1200mV 85C Model Hold 'TC:inst51|4count:inst50|43'
Slack : 0.447
TNS   : 0.000

Type  : Slow 1200mV 85C Model Hold 'CLK'
Slack : 0.475
TNS   : 0.000

Type  : Slow 1200mV 85C Model Recovery 'CLK'
Slack : -1.720
TNS   : -6.880

Type  : Slow 1200mV 85C Model Removal 'CLK'
Slack : 1.088
TNS   : 0.000

Type  : Slow 1200mV 85C Model Minimum Pulse Width 'TC:inst51|4count:inst50|43'
Slack : -3.444
TNS   : -58.078

Type  : Slow 1200mV 85C Model Minimum Pulse Width 'CLK'
Slack : -3.444
TNS   : -22.724

Type  : Slow 1200mV 0C Model Setup 'CLK'
Slack : -1.285
TNS   : -1.667

Type  : Slow 1200mV 0C Model Setup 'TC:inst51|4count:inst50|43'
Slack : 0.085
TNS   : 0.000

Type  : Slow 1200mV 0C Model Hold 'TC:inst51|4count:inst50|43'
Slack : 0.397
TNS   : 0.000

Type  : Slow 1200mV 0C Model Hold 'CLK'
Slack : 0.422
TNS   : 0.000

Type  : Slow 1200mV 0C Model Recovery 'CLK'
Slack : -1.570
TNS   : -6.280

Type  : Slow 1200mV 0C Model Removal 'CLK'
Slack : 1.085
TNS   : 0.000

Type  : Slow 1200mV 0C Model Minimum Pulse Width 'TC:inst51|4count:inst50|43'
Slack : -3.444
TNS   : -59.290

Type  : Slow 1200mV 0C Model Minimum Pulse Width 'CLK'
Slack : -3.444
TNS   : -22.724

Type  : Fast 1200mV 0C Model Setup 'CLK'
Slack : -0.226
TNS   : -0.226

Type  : Fast 1200mV 0C Model Setup 'TC:inst51|4count:inst50|43'
Slack : 0.561
TNS   : 0.000

Type  : Fast 1200mV 0C Model Hold 'TC:inst51|4count:inst50|43'
Slack : 0.184
TNS   : 0.000

Type  : Fast 1200mV 0C Model Hold 'CLK'
Slack : 0.196
TNS   : 0.000

Type  : Fast 1200mV 0C Model Recovery 'CLK'
Slack : -0.194
TNS   : -0.776

Type  : Fast 1200mV 0C Model Removal 'CLK'
Slack : 0.319
TNS   : 0.000

Type  : Fast 1200mV 0C Model Minimum Pulse Width 'TC:inst51|4count:inst50|43'
Slack : -3.000
TNS   : -50.000

Type  : Fast 1200mV 0C Model Minimum Pulse Width 'CLK'
Slack : -3.000
TNS   : -19.248

------------------------------------------------------------
